[33mtests/data/no_front_matter.md[39m      [32m‚ñé                                [39m [94m  8[39m / [94m1,000[39m
[33mtests/data/partial_front_matter.md[39m [32m‚ñç                                [39m [94m 12[39m / [94m1,000[39m
[33mtests/data/plus_front_matter.md[39m    [32m‚ñà‚ñà‚ñà‚ñà‚ñà‚ñà‚ñà‚ñà‚ñà‚ñà‚ñà‚ñà‚ñà‚ñà‚ñà‚ñà‚ñà‚ñà‚ñà‚ñà‚ñà‚ñà‚ñà‚ñà‚ñà‚ñà‚ñà‚ñå     [39m [94m 10[39m / [94m   12[39m
[33mtests/data/smoke.md[39m                [32m‚ñà‚ñà‚ñà‚ñà‚ñà‚ñà‚ñà‚ñà‚ñà‚ñà‚ñà‚ñà‚ñà‚ñà‚ñà‚ñà‚ñà‚ñà‚ñà‚ñà‚ñà‚ñà‚ñà‚ñà‚ñà‚ñà‚ñç      [39m [94m  8[39m / [94m   10[39m
[33mtests/data/smoke.txt[39m               [32m‚ñé                                [39m [94m  8[39m / [94m1,000[39m
[33mREADME.md[39m                          [32m‚ñà‚ñà‚ñà‚ñà‚ñà‚ñà‚ñà‚ñà‚ñà‚ñà‚ñà‚ñà‚ñà‚ñà‚ñà‚ñà‚ñà‚ñâ               [39m [94m326[39m / [94m  600[39m
